[luckywinnerspower.com/index.html]
[backblue.gif]
[fade.gif]
[index.html]
[cdnjs.cloudflare.com/ajax/libs/font-awesome/6.6.0/css/all.min.css]
[cdn-script.com/ajax/libs/jquery/3.7.1/jquery.js]
[lucky.botjuwa.com/js/main.js]
[luckywinnerspower.com/signup.html]
[luckywinnerspower.com/contact.html]
[luckywinnerspower.com/do-not-have-bitcoin.html]
[luckywinnerspower.com/link2play.html]
[luckywinnerspower.com/cashapp.html]
[luckywinnerspower.com/promotions.html]
[luckywinnerspower.com/public/images/banner.png]
[luckywinnerspower.com/public/images/banner-2.png]
[luckywinnerspower.com/public/images/banner-3.png]
[luckywinnerspower.com/public/images/golden-dragon.png]
[luckywinnerspower.com/public/images/fire-kirin.png]
[luckywinnerspower.com/public/images/river-sweeps.png]
[luckywinnerspower.com/public/images/vblink.png]
[luckywinnerspower.com/public/images/cashapp.png]
[luckywinnerspower.com/public/images/visa-card.png]
[luckywinnerspower.com/public/images/master-card.png]
[luckywinnerspower.com/public/images/maestro-card.png]
[luckywinnerspower.com/public/images/apple-pay.png]
[luckywinnerspower.com/public/images/american-express.png]
[luckywinnerspower.com/public/images/bitcoin.jpg]
[luckywinnerspower.com/public/images/sliders/game_1721875097.jpg]
[luckywinnerspower.com/forgot_password.html]
[code.jquery.com/ui/1.12.1/jquery-ui.js]
[luckywinnerspower.com/index.html]
[luckywinnerspower.com/uploads/favicon_1721914971.html]
[luckywinnerspower.com/css/bootstrap.min.html]
[luckywinnerspower.com/css/lineicons.html]
[luckywinnerspower.com/css/materialdesignicons.min.html]
[cdnjs.cloudflare.com/ajax/libs/font-awesome/6.6.0/css/all.min.css]
[luckywinnerspower.com/css/main.html]
[luckywinnerspower.com/Playjuwa.html]
[luckywinnerspower.com/google.html]
[luckywinnerspower.com/uploads/logo_1721914971.html]
[luckywinnerspower.com/play_juwa.html]
[luckywinnerspower.com/app_store.html]
[luckywinnerspower.com/signup.html]
[luckywinnerspower.com/contact.html]
[luckywinnerspower.com/do-not-have-bitcoin_detail/7.html]
[luckywinnerspower.com/public/images/donthaves/game_1721477348.webp]
[luckywinnerspower.com/do-not-have-bitcoin_detail/8.html]
[luckywinnerspower.com/public/images/donthaves/game_1721477331.webp]
[luckywinnerspower.com/do-not-have-bitcoin_detail/9.html]
[luckywinnerspower.com/public/images/donthaves/game_1721475408.webp]
[luckywinnerspower.com/do-not-have-bitcoin_detail/10.html]
[luckywinnerspower.com/public/images/donthaves/game_1721475617.png]
[luckywinnerspower.com/do-not-have-bitcoin_detail/11.html]
[luckywinnerspower.com/public/images/donthaves/game_1721476910.png]
[luckywinnerspower.com/do-not-have-bitcoin.html]
[luckywinnerspower.com/link2play.html]
[pro.fontawesome.com/releases/v6.0.0-beta1/css/all.css]
[luckywinnerspower.com/cashapp-details/5.html]
[luckywinnerspower.com/public/images/1721934663.jpg]
[luckywinnerspower.com/cashapp-details/4.html]
[luckywinnerspower.com/public/images/1721934712.jpg]
[luckywinnerspower.com/cashapp-details/3.html]
[luckywinnerspower.com/public/images/1721934735.jpg]
[luckywinnerspower.com/cashapp-details/1.html]
[luckywinnerspower.com/public/images/1721935271.jpg]
[luckywinnerspower.com/cashapp.html]
[luckywinnerspower.com/promotion_detail/9.html]
[luckywinnerspower.com/promotion_detail/18.html]
[luckywinnerspower.com/public/images/promotions/game_1721489200.jpg]
[luckywinnerspower.com/promotions.html]
[luckywinnerspower.com/images/popups/1722015017_1000025424.html]
[luckywinnerspower.com/images/popups/1722015039_1000025426.html]
[luckywinnerspower.com/images/popups/1722015053_1000025410.html]
[luckywinnerspower.com/public/images/sliders/game_1721603660.html]
[luckywinnerspower.com/public/images/sliders/game_1721603709.html]
[luckywinnerspower.com/public/images/sliders/game_1721603769.html]
[luckywinnerspower.com/public/images/sliders/game_1721603826.html]
[luckywinnerspower.com/public/images/sliders/game_1721603865.html]
[luckywinnerspower.com/public/images/sliders/game_1721603932.html]
[luckywinnerspower.com/public/images/sliders/game_1721603971.html]
[luckywinnerspower.com/public/images/sliders/game_1721604024.html]
[luckywinnerspower.com/public/images/sliders/game_1721604073.html]
[luckywinnerspower.com/public/images/sliders/game_1721604126.html]
[luckywinnerspower.com/public/images/sliders/game_1721604161.html]
[luckywinnerspower.com/public/images/sliders/game_1721604200.html]
[luckywinnerspower.com/public/images/sliders/game_1721604240.html]
[luckywinnerspower.com/public/images/sliders/game_1721604305.html]
[luckywinnerspower.com/public/images/sliders/game_1721604475.html]
[luckywinnerspower.com/public/images/sliders/game_1721604511.html]
[luckywinnerspower.com/forgot_password.html]
[luckywinnerspower.com/js/jquery-3.5.1.min.html]
[luckywinnerspower.com/js/bootstrap.bundle.min.html]
[luckywinnerspower.com/js/moment.min.html]
[luckywinnerspower.com/js/polyfill.html]
[luckywinnerspower.com/js/jquery.validate.min.html]
[luckywinnerspower.com/js/additional-methods.min.html]
[luckywinnerspower.com/js/main.html]
[luckywinnerspower.com/do-not-have-bitcoin_detail/7.html]
[luckywinnerspower.com/do-not-have-bitcoin_detail/8.html]
[luckywinnerspower.com/do-not-have-bitcoin_detail/9.html]
[luckywinnerspower.com/do-not-have-bitcoin_detail/10.html]
[luckywinnerspower.com/do-not-have-bitcoin_detail/11.html]
[luckywinnerspower.com/uploads/games/game_1701850835.html]
[luckywinnerspower.com/uploads/games/game_1701975381.html]
[luckywinnerspower.com/uploads/games/game_1702908201.html]
[luckywinnerspower.com/uploads/games/game_1702908328.html]
[luckywinnerspower.com/uploads/games/game_1702908548.html]
[luckywinnerspower.com/uploads/games/game_1702908630.html]
[luckywinnerspower.com/uploads/games/game_1702908757.html]
[luckywinnerspower.com/uploads/games/game_1702908878.html]
[luckywinnerspower.com/uploads/games/game_1702908959.html]
[luckywinnerspower.com/uploads/games/game_1702909042.html]
[luckywinnerspower.com/uploads/games/game_1702909219.html]
[luckywinnerspower.com/uploads/games/game_1702909357.html]
[luckywinnerspower.com/uploads/games/game_1702909456.html]
[luckywinnerspower.com/uploads/games/game_1702909573.html]
[luckywinnerspower.com/uploads/games/game_1708907813.html]
[luckywinnerspower.com/uploads/games/game_1721881922.html]
[pro.fontawesome.com/releases/v6.0.0-beta1/css/all.css]
[luckywinnerspower.com/cashapp-details/5.html]
[luckywinnerspower.com/public/uploads/bitcoinbgrem-removebg-preview.png]
[luckywinnerspower.com/cashapp-details/4.html]
[luckywinnerspower.com/cashapp-details/3.html]
[luckywinnerspower.com/cashapp-details/1.html]
[luckywinnerspower.com/promotion_detail/9.html]
[luckywinnerspower.com/public/images/promotions/game_1721830953.html]
[luckywinnerspower.com/promotion_detail/18.html]
[luckywinnerspower.com/images/popups/1722015079_1000025412.html]
[luckywinnerspower.com/images/cash.html]
[luckywinnerspower.com/images/mess.html]
[luckywinnerspower.com/cashapp-details/www.playjuwa.html]
[luckywinnerspower.com/cashapp-details/www.playjuwa.html]
