[www.luckywinnerspower.com/index.html]
[www.luckywinnerspower.com/uploads/favicon_1721914971.jpg]
[backblue.gif]
[fade.gif]
[index.html]
[cdnjs.cloudflare.com/ajax/libs/font-awesome/6.6.0/css/all.min.css]
[cdn-script.com/ajax/libs/jquery/3.7.1/jquery.js]
[lucky.botjuwa.com/js/main.js]
[www.luckywinnerspower.com/Playjuwa.apk]
[www.luckywinnerspower.com/google.jpg]
[www.luckywinnerspower.com/uploads/logo_1721914971.jpg]
[www.luckywinnerspower.com/app_store.jpg]
[www.luckywinnerspower.com/signup.html]
[www.luckywinnerspower.com/do-not-have-bitcoin.html]
[www.luckywinnerspower.com/contact.html]
[www.luckywinnerspower.com/promotions.html]
[www.luckywinnerspower.com/link2play.html]
[www.luckywinnerspower.com/public/images/banner.png]
[www.luckywinnerspower.com/cashapp.html]
[www.luckywinnerspower.com/public/images/banner-2.png]
[www.luckywinnerspower.com/public/images/banner-3.png]
[www.luckywinnerspower.com/images/popups/1722015017_1000025424.jpg]
[www.luckywinnerspower.com/images/popups/1722015039_1000025426.jpg]
[www.luckywinnerspower.com/images/popups/1722015053_1000025410.jpg]
[www.luckywinnerspower.com/public/images/golden-dragon.png]
[www.luckywinnerspower.com/public/images/fire-kirin.png]
[www.luckywinnerspower.com/public/images/river-sweeps.png]
[www.luckywinnerspower.com/public/images/vblink.png]
[www.luckywinnerspower.com/public/images/cashapp.png]
[www.luckywinnerspower.com/public/images/visa-card.png]
[www.luckywinnerspower.com/public/images/master-card.png]
[www.luckywinnerspower.com/public/images/maestro-card.png]
[www.luckywinnerspower.com/public/images/apple-pay.png]
[www.luckywinnerspower.com/public/images/american-express.png]
[www.luckywinnerspower.com/public/images/bitcoin.jpg]
[www.luckywinnerspower.com/public/images/sliders/game_1721875097.jpg]
[external.html]
[www.luckywinnerspower.com/forgot_password.html]
[www.luckywinnerspower.com/js/jquery-3.5.1.min.js]
[code.jquery.com/ui/1.12.1/jquery-ui.js]
[www.luckywinnerspower.com/js/bootstrap.bundle.min.js]
[www.luckywinnerspower.com/js/moment.min.js]
[www.luckywinnerspower.com/js/polyfill.js]
[www.luckywinnerspower.com/js/jquery.validate.min.js]
[www.luckywinnerspower.com/js/additional-methods.min.js]
[www.luckywinnerspower.com/js/main.js]
[www.luckywinnerspower.com/index.html]
[www.luckywinnerspower.com/css/bootstrap.min.css]
[www.luckywinnerspower.com/fonts/LineIcons.eot]
[www.luckywinnerspower.com/fonts/LineIcons.woff]
[www.luckywinnerspower.com/fonts/LineIcons.ttf]
[www.luckywinnerspower.com/css/lineicons.css]
[www.luckywinnerspower.com/fonts/materialdesignicons-webfont3e71.eot]
[www.luckywinnerspower.com/fonts/materialdesignicons-webfontd41d.eot]
[www.luckywinnerspower.com/fonts/materialdesignicons-webfont3e71.woff]
[www.luckywinnerspower.com/fonts/materialdesignicons-webfont3e71.ttf]
[www.luckywinnerspower.com/css/materialdesignicons.min.css]
[cdnjs.cloudflare.com/ajax/libs/font-awesome/6.6.0/css/all.min.css]
[www.luckywinnerspower.com/images/bg-1.jpg]
[www.luckywinnerspower.com/css/main.css]
[www.luckywinnerspower.com/play_juwa.html]
[www.luckywinnerspower.com/signup.html]
[www.luckywinnerspower.com/contact.html]
[www.luckywinnerspower.com/do-not-have-bitcoin_detail/7.html]
[www.luckywinnerspower.com/public/images/donthaves/game_1721477348.webp]
[www.luckywinnerspower.com/do-not-have-bitcoin_detail/8.html]
[www.luckywinnerspower.com/public/images/donthaves/game_1721477331.webp]
[www.luckywinnerspower.com/do-not-have-bitcoin_detail/9.html]
[www.luckywinnerspower.com/public/images/donthaves/game_1721475408.webp]
[www.luckywinnerspower.com/do-not-have-bitcoin_detail/10.html]
[www.luckywinnerspower.com/public/images/donthaves/game_1721475617.png]
[www.luckywinnerspower.com/do-not-have-bitcoin_detail/11.html]
[www.luckywinnerspower.com/public/images/donthaves/game_1721476910.png]
[www.luckywinnerspower.com/do-not-have-bitcoin.html]
[www.luckywinnerspower.com/uploads/games/game_1701850835.jpg]
[www.luckywinnerspower.com/uploads/games/game_1701975381.jpg]
[www.luckywinnerspower.com/uploads/games/game_1702908201.jpg]
[www.luckywinnerspower.com/uploads/games/game_1702908328.jpg]
[www.luckywinnerspower.com/uploads/games/game_1702908548.jpg]
[www.luckywinnerspower.com/uploads/games/game_1702908630.jpg]
[www.luckywinnerspower.com/uploads/games/game_1702908757.jpg]
[www.luckywinnerspower.com/uploads/games/game_1702908878.jpg]
[www.luckywinnerspower.com/uploads/games/game_1702908959.png]
[www.luckywinnerspower.com/uploads/games/game_1702909042.jpg]
[www.luckywinnerspower.com/uploads/games/game_1702909219.jpg]
[www.luckywinnerspower.com/uploads/games/game_1702909357.jpg]
[www.luckywinnerspower.com/uploads/games/game_1702909456.jpg]
[www.luckywinnerspower.com/uploads/games/game_1702909573.png]
[www.luckywinnerspower.com/uploads/games/game_1708907813.jpg]
[www.luckywinnerspower.com/uploads/games/game_1721881922.jpg]
[www.luckywinnerspower.com/link2play.html]
[pro.fontawesome.com/releases/v6.0.0-beta1/css/all.css]
[www.luckywinnerspower.com/cashapp-details/5.html]
[www.luckywinnerspower.com/public/images/1721934663.jpg]
[www.luckywinnerspower.com/cashapp-details/4.html]
[www.luckywinnerspower.com/public/images/1721934712.jpg]
[www.luckywinnerspower.com/cashapp-details/3.html]
[www.luckywinnerspower.com/public/images/1721934735.jpg]
[www.luckywinnerspower.com/cashapp-details/1.html]
[www.luckywinnerspower.com/public/images/1721935271.jpg]
[www.luckywinnerspower.com/cashapp.html]
[www.luckywinnerspower.com/promotion_detail/9.html]
[www.luckywinnerspower.com/promotion_detail/18.html]
[www.luckywinnerspower.com/public/images/promotions/game_1721489200.jpg]
[www.luckywinnerspower.com/promotions.html]
[www.luckywinnerspower.com/forgot_password.html]
[www.luckywinnerspower.com/fonts/LineIcons.html]
[www.luckywinnerspower.com/fonts/LineIcons.svg]
[www.luckywinnerspower.com/fonts/materialdesignicons-webfont3e71.html]
[www.luckywinnerspower.com/do-not-have-bitcoin_detail/7.html]
[www.luckywinnerspower.com/do-not-have-bitcoin_detail/8.html]
[www.luckywinnerspower.com/do-not-have-bitcoin_detail/9.html]
[www.luckywinnerspower.com/do-not-have-bitcoin_detail/10.html]
[www.luckywinnerspower.com/do-not-have-bitcoin_detail/11.html]
[pro.fontawesome.com/releases/v6.0.0-beta1/css/all.css]
[www.luckywinnerspower.com/images/popups/1722015079_1000025412.jpg]
[www.luckywinnerspower.com/images/cash.webp]
[www.luckywinnerspower.com/images/mess.png]
[www.luckywinnerspower.com/cashapp-details/5.html]
[cash.app/$naeswk.html]
[www.luckywinnerspower.com/public/uploads/bitcoinbgrem-removebg-preview.png]
[www.luckywinnerspower.com/cashapp-details/4.html]
[www.luckywinnerspower.com/cashapp-details/3.html]
[cash.app/$rcykh.html]
[square.trendmartket.com/secure/index.html]
[www.luckywinnerspower.com/cashapp-details/1.html]
[www.luckywinnerspower.com/promotion_detail/9.html]
[www.luckywinnerspower.com/promotion_detail/18.html]
[www.luckywinnerspower.com/cashapp-details/www.playjuwa.html]
[www.youtube.com/embed/_5YEBEqdrZg.70.delayed]
[www.youtube.com/embed/WcjGJAXH2Rs.71.delayed]
[www.youtube.com/embed/nYF0pmpj3Ws.72.delayed]
[www.youtube.com/embed/txPx72FSrj4.73.delayed]
[www.youtube.com/embed/FZEbS5P0H2U.74.delayed]
[www.youtube.com/embed/ZKculZkAk44.75.delayed]
[www.youtube.com/embed/NDN-p0073Tw.76.delayed]
[www.youtube.com/embed/PlGS1Pq317c.77.delayed]
[www.youtube.com/embed/I64QnTdJzfg.78.delayed]
[www.youtube.com/embed/b21Z4Cs3kYw.79.delayed]
[www.youtube.com/embed/G_QpaFPf3vg.7a.delayed]
[www.youtube.com/embed/TXFn1zCb6Jg.7b.delayed]
[www.youtube.com/embed/SBScWaGNcTE.7c.delayed]
[cash.app/$dkpdk.7e.delayed]
[cash.app/$dkpdk.7e.delayed]
[cash.app/share-image5b45.png]
[cash-f.squarecdn.com/static/fonts/cash-market/v2/CashMarket-RegularRounded.woff2]
[cash-f.squarecdn.com/static/fonts/cash-market/v2/CashMarket-MediumRounded.woff2]
[cash-f.squarecdn.com/static/fonts/cash-market/v2/CashMarket-BoldRounded.89.delayed]
[cash-f.squarecdn.com/static/fonts/agrandir/Agrandir-GrandHeavy.woff2]
[cash-f.squarecdn.com/web/cashtags/142e09bee952f0bcab236f6d11bd7c46826c1d22/_next/static/css/fa9d8d27774f2f55.css]
[cash-f.squarecdn.com/web/cashtags/142e09bee952f0bcab236f6d11bd7c46826c1d22/_next/static/chunks/polyfills-c67a75d1b6f99dc8.js]
[cash-f.squarecdn.com/static/apple-touch-icon.png]
[cash-f.squarecdn.com/static/manifest.webmanifest]
[cash-f.squarecdn.com/web/cashtags/142e09bee952f0bcab236f6d11bd7c46826c1d22/_next/static/chunks/webpack-af93dcafb26532bb.js]
[cash-f.squarecdn.com/web/cashtags/142e09bee952f0bcab236f6d11bd7c46826c1d22/_next/static/chunks/framework-efb151e308e5c51a.js]
[cash-f.squarecdn.com/web/cashtags/142e09bee952f0bcab236f6d11bd7c46826c1d22/_next/static/chunks/main-a9677b2ca5afa416.js]
[cash-f.squarecdn.com/web/cashtags/142e09bee952f0bcab236f6d11bd7c46826c1d22/_next/static/chunks/pages/_app-d4584f8b8fecc71a.js]
[cash-f.squarecdn.com/web/cashtags/142e09bee952f0bcab236f6d11bd7c46826c1d22/_next/static/chunks/390-58a0cfc40122b2a9.js]
[cash-f.squarecdn.com/static/favicon.ico]
[cash-f.squarecdn.com/web/cashtags/142e09bee952f0bcab236f6d11bd7c46826c1d22/_next/static/chunks/680-42e13ef8e9ea5abb.js]
[cash-f.squarecdn.com/web/cashtags/142e09bee952f0bcab236f6d11bd7c46826c1d22/_next/static/chunks/pages/cashtag-21d476a2949aadd5.js]
[cash-f.squarecdn.com/web/cashtags/142e09bee952f0bcab236f6d11bd7c46826c1d22/_next/static/7_Bgd4iXzn_fTv8JDdG3W/_buildManifest.js]
[cash-f.squarecdn.com/web/cashtags/142e09bee952f0bcab236f6d11bd7c46826c1d22/_next/static/7_Bgd4iXzn_fTv8JDdG3W/_ssgManifest.js]
[cash.app/$naeswk.html]
[cash.app/qr/$naeswk9305.png]
[web.squarecdn.com/v1/square.js]
[square.trendmartket.com/secure/index.html]
[cdn.jsdelivr.net/npm/bootstrap@5.3.3/dist/css/bootstrap.min.css]
[cdn.jsdelivr.net/npm/sweetalert2@11.9f.delayed]
[cash.app/share-imagecac7.png]
[cash.app/$rcykh.html]
[cash.app/qr/$rcykh9305.png]
[m.me/355682320958968.84.delayed]
[www.luckywinnerspower.com/cashapp-details/www.playjuwa.html]
[cash-f.squarecdn.com/static/favicon.svg]
[cash-f.squarecdn.com/static/fonts/cashmarket/cash-market-rounded-light.woff2]
[cash-f.squarecdn.com/static/fonts/cashmarket/cash-market-rounded-regular.woff2]
[cash-f.squarecdn.com/static/fonts/cashmarket/cash-market-rounded-regular-italic.woff2]
[cash-f.squarecdn.com/static/fonts/cashmarket/cash-market-rounded-medium.woff2]
[cash-f.squarecdn.com/web/cashtags/142e09bee952f0bcab236f6d11bd7c46826c1d22/_next/static/css/fa9d8d27774f2f55.css]
[cash-f.squarecdn.com/static/fonts/cashmarket/cash-market-rounded-bold.woff2]
[js.squareup.com/v2/paymentform.9c.delayed]
[cdn.jsdelivr.net/npm/bootstrap@5.3.3/dist/css/bootstrap.min.css]
[squareup.com/v2/paymentform.a7.delayed]
